M ā˅j̄huṇi ā˅j̄huṇi aː�d͡ʒ�ɦʊɳɪ
M pārá pārá paːɾ�
M ā̤ ā̤ aː�
M vasuj̄ṇẽ vasuj̄ṇẽ ʋəsʊd͡ʒ�ɳẽː
M amúṣya amúṣya əm�ʂjə
M ucchvāsá ucchvāsá ʊt͡ʃt͡ʃʰʋaːs�
M vaṁti vaṁti ʋə�t̪ɪ
M arpáyati arpáyati əɾp�jət̪ɪ
M vápati vápati ʋ�pət̪ɪ
M músala músala m�sələ
M vj˜j̈haṇ–vārā vj˜j̈haṇ–vārā ʋd͡ʒ�d͡zʱəɳʋaːɾaː
M käpuma käpuma k�pʊmə
M čād čād �aːd̪
M k+caṛ k+caṛ k�t͡ʃəɽ
M pū́yati pū́yati puː�jət̪ɪ
M kr̥tyatē kr̥tyatē kɾ�t̪jət̪eː
M kumudiká kumudiká kʊmʊd̪ɪk�
M mr̥tá mr̥tá mɾ�t̪�
M gúhā gúhā g�ɦaː
M caṁpaya caṁpaya t͡ʃə�pəjə
M yátatē yátatē j�t̪ət̪eː
M talpaśī́van talpaśī́van t̪əlpəʃiː�ʋən
M daṁśáti daṁśáti d̪ə�ʃ�t̪ɪ
M paüri paüri pə�ɾɪ
M faturuvanī faturuvanī �ət̪ʊɾʊʋəniː
M feturenī feturenī �eːt̪ʊɾeːniː
M biṁbī biṁbī bɪ�biː
M ˚ba biṁba bɪ�bə
M bim̆bu bim̆bu bɪm�bʊ
M bhasád bhasád bʱəs�d̪
M mr̥ndati mr̥ndati mɾ�nd̪ət̪ɪ
M muñja–nḗjana muñja–nḗjana mʊɲd͡ʒən�d͡ʒənə
M mauñjá mauñjá mɔːɲd͡ʒ�
M muṣāyáti muṣāyáti mʊʂaːj�t̪ɪ
M liṁpaï liṁpaï lɪ�pəɪ
M lā́ti lā́ti laː�t̪ɪ
M vāyú vāyú ʋaːj�
M o/u o/u oː�ʊ
M saṁhati saṁhati sə�ɦət̪ɪ
M ṁsty ṁsty �st̪j
M ṁkh ṁkh �kʰ
M sáratha sáratha s�ɾət̪ʰə
M pr̥thú–ṣṭu pr̥thú–ṣṭu pɾ�t̪ʰ�ʂʈʊ
M stupá stupá st̪ʊp�
